.
├── internal
│   └── myapp
│       └── logic.go
├── README.md
└── main.go
